amitpath@LIN24010559 MINGW64 ~/Desktop/Project_Training
$ mkdir project_dir

amitpath@LIN24010559 MINGW64 ~/Desktop/Project_Training
$ cd prject_dir
bash: cd: prject_dir: No such file or directory

amitpath@LIN24010559 MINGW64 ~/Desktop/Project_Training
$ cd project_dir

amitpath@LIN24010559 MINGW64 ~/Desktop/Project_Training/project_dir
$ git init
Initialized empty Git repository in C:/Users/AMITPATH/Desktop/Project_Training/project_dir/.git/

amitpath@LIN24010559 MINGW64 ~/Desktop/Project_Training/project_dir (master)
$ touch index.html

amitpath@LIN24010559 MINGW64 ~/Desktop/Project_Training/project_dir (master)
$ git status
On branch master

No commits yet

Untracked files:
  (use "git add <file>..." to include in what will be committed)
        index.html

nothing added to commit but untracked files present (use "git add" to track)

amitpath@LIN24010559 MINGW64 ~/Desktop/Project_Training/project_dir (master)
$ git add index.html

amitpath@LIN24010559 MINGW64 ~/Desktop/Project_Training/project_dir (master)
$ git commit -m "Added index"
[master (root-commit) 3a34b22] Added index
 Committer: Pathak <amit.b.pathak@capgemini.com>
Your name and email address were configured automatically based
on your username and hostname. Please check that they are accurate.
You can suppress this message by setting them explicitly:

    git config --global user.name "Your Name"
    git config --global user.email you@example.com

After doing this, you may fix the identity used for this commit with:

    git commit --amend --reset-author

 1 file changed, 1 insertion(+)
 create mode 100644 index.html

amitpath@LIN24010559 MINGW64 ~/Desktop/Project_Training/project_dir (master)
$ touch info.txt

amitpath@LIN24010559 MINGW64 ~/Desktop/Project_Training/project_dir (master)
$ git status
On branch master
Changes not staged for commit:
  (use "git add <file>..." to update what will be committed)
  (use "git restore <file>..." to discard changes in working directory)
        modified:   index.html

Untracked files:
  (use "git add <file>..." to include in what will be committed)
        info.txt

no changes added to commit (use "git add" and/or "git commit -a")

amitpath@LIN24010559 MINGW64 ~/Desktop/Project_Training/project_dir (master)
$ touch .gitignore

amitpath@LIN24010559 MINGW64 ~/Desktop/Project_Training/project_dir (master)
$ vi .gitignore

amitpath@LIN24010559 MINGW64 ~/Desktop/Project_Training/project_dir (master)
$ git status
On branch master
Changes not staged for commit:
  (use "git add <file>..." to update what will be committed)
  (use "git restore <file>..." to discard changes in working directory)
        modified:   index.html

Untracked files:
  (use "git add <file>..." to include in what will be committed)
        .gitignore

no changes added to commit (use "git add" and/or "git commit -a")

amitpath@LIN24010559 MINGW64 ~/Desktop/Project_Training/project_dir (master)
$ git add index.html

amitpath@LIN24010559 MINGW64 ~/Desktop/Project_Training/project_dir (master)
$ git commit -m "ignored txt file and add changes in html"
[master b394bb0] ignored txt file and add changes in html
 Committer: Pathak <amit.b.pathak@capgemini.com>
Your name and email address were configured automatically based
on your username and hostname. Please check that they are accurate.
You can suppress this message by setting them explicitly:

    git config --global user.name "Your Name"
    git config --global user.email you@example.com

After doing this, you may fix the identity used for this commit with:

    git commit --amend --reset-author

 1 file changed, 2 insertions(+), 1 deletion(-)

amitpath@LIN24010559 MINGW64 ~/Desktop/Project_Training/project_dir (master)
$ git status
On branch master
Untracked files:
  (use "git add <file>..." to include in what will be committed)
        .gitignore

nothing added to commit but untracked files present (use "git add" to track)

amitpath@LIN24010559 MINGW64 ~/Desktop/Project_Training/project_dir (master)
$ git log
commit b394bb0cf161454b9fb4dd084784701ada35d575 (HEAD -> master)
Author: Pathak <amit.b.pathak@capgemini.com>
Date:   Wed Jun 8 23:13:00 2022 +0530

    ignored txt file and add changes in html

commit 3a34b22d0bb31b177f3a28fe02b151437f67cc85
Author: Pathak <amit.b.pathak@capgemini.com>
Date:   Wed Jun 8 23:07:11 2022 +0530

    Added index
amitpath@LIN24010559 MINGW64 ~/Desktop/Project_Training/project_dir (master)
$ git checkout-- index.html
git: 'checkout--' is not a git command. See 'git --help'.

amitpath@LIN24010559 MINGW64 ~/Desktop/Project_Training/project_dir (master)
$ git checkout -- index.html

amitpath@LIN24010559 MINGW64 ~/Desktop/Project_Training/project_dir (master)
$ git add index.html

amitpath@LIN24010559 MINGW64 ~/Desktop/Project_Training/project_dir (master)
$ git revert
usage: git revert [<options>] <commit-ish>...
   or: git revert <subcommand>

    --quit                end revert or cherry-pick sequence
    --continue            resume revert or cherry-pick sequence
    --abort               cancel revert or cherry-pick sequence
    --skip                skip current commit and continue
    --cleanup <mode>      how to strip spaces and #comments from message
    -n, --no-commit       don't automatically commit
    -e, --edit            edit the commit message
    -s, --signoff         add a Signed-off-by trailer
    -m, --mainline <parent-number>
                          select mainline parent
    --rerere-autoupdate   update the index with reused conflict resolution if possible
    --strategy <strategy>
                          merge strategy
    -X, --strategy-option <option>
                          option for merge strategy
    -S, --gpg-sign[=<key-id>]
                          GPG sign commit


amitpath@LIN24010559 MINGW64 ~/Desktop/Project_Training/project_dir (master)
$ git revert --
usage: git revert [<options>] <commit-ish>...
   or: git revert <subcommand>

    --quit                end revert or cherry-pick sequence
    --continue            resume revert or cherry-pick sequence
    --abort               cancel revert or cherry-pick sequence
    --skip                skip current commit and continue
    --cleanup <mode>      how to strip spaces and #comments from message
    -n, --no-commit       don't automatically commit
    -e, --edit            edit the commit message
    -s, --signoff         add a Signed-off-by trailer
    -m, --mainline <parent-number>
                          select mainline parent
    --rerere-autoupdate   update the index with reused conflict resolution if possible
    --strategy <strategy>
                          merge strategy
    -X, --strategy-option <option>
                          option for merge strategy
    -S, --gpg-sign[=<key-id>]
                          GPG sign commit


amitpath@LIN24010559 MINGW64 ~/Desktop/Project_Training/project_dir (master)
$ git checkout -- .

amitpath@LIN24010559 MINGW64 ~/Desktop/Project_Training/project_dir (master)
$ git checkout index.html
Updated 0 paths from the index

amitpath@LIN24010559 MINGW64 ~/Desktop/Project_Training/project_dir (master)
$ git reset
Unstaged changes after reset:
M       index.html

amitpath@LIN24010559 MINGW64 ~/Desktop/Project_Training/project_dir (master)
$ git status
On branch master
Changes not staged for commit:
  (use "git add <file>..." to update what will be committed)
  (use "git restore <file>..." to discard changes in working directory)
        modified:   index.html

Untracked files:
  (use "git add <file>..." to include in what will be committed)
        .gitignore

no changes added to commit (use "git add" and/or "git commit -a")

amitpath@LIN24010559 MINGW64 ~/Desktop/Project_Training/project_dir (master)
$ git add index.html

amitpath@LIN24010559 MINGW64 ~/Desktop/Project_Training/project_dir (master)
$ git status
On branch master
Changes to be committed:
  (use "git restore --staged <file>..." to unstage)
        modified:   index.html

Untracked files:
  (use "git add <file>..." to include in what will be committed)
        .gitignore


amitpath@LIN24010559 MINGW64 ~/Desktop/Project_Training/project_dir (master)
$ git reset
Unstaged changes after reset:
M       index.html

amitpath@LIN24010559 MINGW64 ~/Desktop/Project_Training/project_dir (master)
$ git status
On branch master
Changes not staged for commit:
  (use "git add <file>..." to update what will be committed)
  (use "git restore <file>..." to discard changes in working directory)
        modified:   index.html

Untracked files:
  (use "git add <file>..." to include in what will be committed)
        .gitignore

no changes added to commit (use "git add" and/or "git commit -a")

amitpath@LIN24010559 MINGW64 ~/Desktop/Project_Training/project_dir (master)
$ git config --global alias.my-add add

amitpath@LIN24010559 MINGW64 ~/Desktop/Project_Training/project_dir (master)
$ git my-add .
warning: LF will be replaced by CRLF in .gitignore.
The file will have its original line endings in your working directory

amitpath@LIN24010559 MINGW64 ~/Desktop/Project_Training/project_dir (master)
$ git commit -m "changed Add to My-Add"
[master a7a0666] changed Add to My-Add
 Committer: Pathak <amit.b.pathak@capgemini.com>
Your name and email address were configured automatically based
on your username and hostname. Please check that they are accurate.
You can suppress this message by setting them explicitly:

    git config --global user.name "Your Name"
    git config --global user.email you@example.com

After doing this, you may fix the identity used for this commit with:

    git commit --amend --reset-author

 2 files changed, 4 insertions(+), 1 deletion(-)
 create mode 100644 .gitignore

amitpath@LIN24010559 MINGW64 ~/Desktop/Project_Training/project_dir (master)
$ git log
commit a7a0666c8042230907575f3a677965fcfdaa4fab (HEAD -> master)
Author: Pathak <amit.b.pathak@capgemini.com>
Date:   Wed Jun 8 23:47:44 2022 +0530

    changed Add to My-Add

commit b394bb0cf161454b9fb4dd084784701ada35d575
Author: Pathak <amit.b.pathak@capgemini.com>
Date:   Wed Jun 8 23:13:00 2022 +0530

    ignored txt file and add changes in html

commit 3a34b22d0bb31b177f3a28fe02b151437f67cc85
Author: Pathak <amit.b.pathak@capgemini.com>
Date:   Wed Jun 8 23:07:11 2022 +0530

    Added index

amitpath@LIN24010559 MINGW64 ~/Desktop/Project_Training/project_dir (master)
$ git revert  b394bb0cf161454b9fb4dd084784701ada35d575
Auto-merging index.html
CONFLICT (content): Merge conflict in index.html
error: could not revert b394bb0... ignored txt file and add changes in html
hint: After resolving the conflicts, mark them with
hint: "git add/rm <pathspec>", then run
hint: "git revert --continue".
hint: You can instead skip this commit with "git revert --skip".
hint: To abort and get back to the state before "git revert",
hint: run "git revert --abort".

amitpath@LIN24010559 MINGW64 ~/Desktop/Project_Training/project_dir (master|REVERTING)
$ git log
commit a7a0666c8042230907575f3a677965fcfdaa4fab (HEAD -> master)
Author: Pathak <amit.b.pathak@capgemini.com>
Date:   Wed Jun 8 23:47:44 2022 +0530

    changed Add to My-Add

commit b394bb0cf161454b9fb4dd084784701ada35d575
Author: Pathak <amit.b.pathak@capgemini.com>
Date:   Wed Jun 8 23:13:00 2022 +0530

    ignored txt file and add changes in html

commit 3a34b22d0bb31b177f3a28fe02b151437f67cc85
Author: Pathak <amit.b.pathak@capgemini.com>
Date:   Wed Jun 8 23:07:11 2022 +0530

    Added index

amitpath@LIN24010559 MINGW64 ~/Desktop/Project_Training/project_dir (master|REVERTING)
$ git status
On branch master
You are currently reverting commit b394bb0.
  (fix conflicts and run "git revert --continue")
  (use "git revert --skip" to skip this patch)
  (use "git revert --abort" to cancel the revert operation)

Unmerged paths:
  (use "git restore --staged <file>..." to unstage)
  (use "git add <file>..." to mark resolution)
        both modified:   index.html

no changes added to commit (use "git add" and/or "git commit -a")

amitpath@LIN24010559 MINGW64 ~/Desktop/Project_Training/project_dir (master|REVERTING)
$ git reset
Unstaged changes after reset:
M       index.html

amitpath@LIN24010559 MINGW64 ~/Desktop/Project_Training/project_dir (master)
$ git reset b394bb0cf161454b9fb4dd084784701ada35d575
Unstaged changes after reset:
M       index.html

amitpath@LIN24010559 MINGW64 ~/Desktop/Project_Training/project_dir (master)
$ git log
commit b394bb0cf161454b9fb4dd084784701ada35d575 (HEAD -> master)
Author: Pathak <amit.b.pathak@capgemini.com>
Date:   Wed Jun 8 23:13:00 2022 +0530

    ignored txt file and add changes in html

commit 3a34b22d0bb31b177f3a28fe02b151437f67cc85
Author: Pathak <amit.b.pathak@capgemini.com>
Date:   Wed Jun 8 23:07:11 2022 +0530

    Added index

amitpath@LIN24010559 MINGW64 ~/Desktop/Project_Training/project_dir (master)
$ git my-add .
warning: LF will be replaced by CRLF in .gitignore.
The file will have its original line endings in your working directory

amitpath@LIN24010559 MINGW64 ~/Desktop/Project_Training/project_dir (master)
$ git commit -m "reset to last commit change"
[master 081cafb] reset to last commit change
 Committer: Pathak <amit.b.pathak@capgemini.com>
Your name and email address were configured automatically based
on your username and hostname. Please check that they are accurate.
You can suppress this message by setting them explicitly:

    git config --global user.name "Your Name"
    git config --global user.email you@example.com

After doing this, you may fix the identity used for this commit with:

    git commit --amend --reset-author

 2 files changed, 8 insertions(+), 1 deletion(-)
 create mode 100644 .gitignore

amitpath@LIN24010559 MINGW64 ~/Desktop/Project_Training/project_dir (master)
$ git status
On branch master
nothing to commit, working tree clean

amitpath@LIN24010559 MINGW64 ~/Desktop/Project_Training/project_dir (master)
$ git log
commit 081cafbbc62db728ef77b7562cad47de7a3562f8 (HEAD -> master)
Author: Pathak <amit.b.pathak@capgemini.com>
Date:   Wed Jun 8 23:52:40 2022 +0530

    reset to last commit change

commit b394bb0cf161454b9fb4dd084784701ada35d575
Author: Pathak <amit.b.pathak@capgemini.com>
Date:   Wed Jun 8 23:13:00 2022 +0530

    ignored txt file and add changes in html

commit 3a34b22d0bb31b177f3a28fe02b151437f67cc85
Author: Pathak <amit.b.pathak@capgemini.com>
Date:   Wed Jun 8 23:07:11 2022 +0530

    Added index

amitpath@LIN24010559 MINGW64 ~/Desktop/Project_Training/project_dir (master)
$ ^C

amitpath@LIN24010559 MINGW64 ~/Desktop/Project_Training/project_dir (master)
$
